// Jest Snapshot v1, https://goo.gl/fbAQLP

exports[`renders correctly 1`] = `
<RCTScrollView>
  <View>
    <View
      style={
        {
          "alignItems": "center",
          "height": 1334,
          "padding": 20,
        }
      }
    >
      <Text
        style={
          {
            "color": "#009243",
            "fontSize": 30,
            "fontWeight": "bold",
            "marginBottom": 5,
            "marginTop": 80,
          }
        }
      >
        Create a Task 
      </Text>
      <Text
        style={
          {
            "color": "black",
            "fontSize": 14,
            "marginBottom": 20,
          }
        }
      >
        Enter the Task You Want To Create
      </Text>
      <View
        style={
          {
            "flexDirection": "column",
            "justifyContent": "space-between",
            "marginBottom": 20,
            "width": "100%",
          }
        }
      >
        <TextInput
          onChangeText={[Function]}
          placeholder="Enter your todo task..."
          style={
            {
              "borderColor": "#009243",
              "borderRadius": 8,
              "borderWidth": 0.5,
              "marginBottom": 10,
              "padding": 8,
              "width": "100%",
            }
          }
          value=""
        />
        <View
          accessibilityRole="button"
          accessibilityState={
            {
              "busy": undefined,
              "checked": undefined,
              "disabled": undefined,
              "expanded": undefined,
              "selected": undefined,
            }
          }
          accessibilityValue={
            {
              "max": undefined,
              "min": undefined,
              "now": undefined,
              "text": undefined,
            }
          }
          accessible={true}
          collapsable={false}
          focusable={true}
          onClick={[Function]}
          onResponderGrant={[Function]}
          onResponderMove={[Function]}
          onResponderRelease={[Function]}
          onResponderTerminate={[Function]}
          onResponderTerminationRequest={[Function]}
          onStartShouldSetResponder={[Function]}
          style={
            {
              "opacity": 1,
            }
          }
        >
          <View
            style={
              [
                {},
              ]
            }
          >
            <Text
              style={
                [
                  {
                    "color": "#007AFF",
                    "fontSize": 18,
                    "margin": 8,
                    "textAlign": "center",
                  },
                ]
              }
            >
              Add Task
            </Text>
          </View>
        </View>
      </View>
      <Text
        style={
          {
            "color": "#009243",
            "fontSize": 20,
            "marginBottom": 20,
          }
        }
      >
        Your Tasks :
      </Text>
      <Text>
        No to do task available :(
      </Text>
    </View>
  </View>
</RCTScrollView>
`;
